<html>
<body>
<pre>
<h1>µVision Build Log</h1>
<h2>Project:</h2>
N:\SE350\SE350\manual_code\Context_Switching\context_switching.uvproj
Project File Date:  01/29/2015

<h2>Output:</h2>
Load "N:\\SE350\\SE350\\manual_code\\Context_Switching\\context_switching.AXF" 
No Algorithm found for: 10000000H - 10000FB3H
Erase skipped!
Load "N:\\SE350\\SE350\\manual_code\\Context_Switching\\context_switching.AXF" 
No Algorithm found for: 10000000H - 10000FB3H
Erase skipped!
Load "N:\\SE350\\SE350\\manual_code\\Context_Switching\\context_switching.AXF" 
No Algorithm found for: 10000000H - 10000FB3H
Erase skipped!
Build target 'Context Switching SIM'
assembling startup_LPC17xx.s...
compiling main_svc.c...
compiling usr_proc.c...
linking...
Program Size: Code=3756 RO-data=236 RW-data=32 ZI-data=776  
"context_switching.axf" - 0 Error(s), 0 Warning(s).
Load "N:\\SE350\\SE350\\manual_code\\Context_Switching\\context_switching.AXF" 
No Algorithm found for: 10000000H - 10000FB3H
Partial Erase Done (areas with no algorithms skipped!)
No Algorithm found for: 10000000H - 10000FB3H
Partial Programming Done (areas with no algorithms skipped!)
Partial Verify OK (areas with no algorithms skipped!)
